[ 2025-11-17 10:15:11,942 ] 97 werkzeug - INFO - [31m[1mWARNING: This is a development server. Do not use it in a production deployment. Use a production WSGI server instead.[0m
 * Running on all addresses (0.0.0.0)
 * Running on http://127.0.0.1:5000
 * Running on http://10.196.18.36:5000
[ 2025-11-17 10:15:11,942 ] 97 werkzeug - INFO - [33mPress CTRL+C to quit[0m
[ 2025-11-17 10:15:22,007 ] 97 werkzeug - INFO - 127.0.0.1 - - [17/Nov/2025 10:15:22] "GET /predictdata HTTP/1.1" 200 -
[ 2025-11-17 10:15:41,745 ] 1414 app - ERROR - Exception on /predictdata [POST]
Traceback (most recent call last):
  File "C:\Users\s keerthi\Downloads\mlproject-main\mlproject-main\src\pipeline\predict_pipeline.py", line 13, in predict
    model_path=os.path.join("artifacts","model.pkl")
               ^^
NameError: name 'os' is not defined. Did you forget to import 'os'

During handling of the above exception, another exception occurred:

Traceback (most recent call last):
  File "C:\Users\s keerthi\Anaconda3\Lib\site-packages\flask\app.py", line 2190, in wsgi_app
    response = self.full_dispatch_request()
               ^^^^^^^^^^^^^^^^^^^^^^^^^^^^
  File "C:\Users\s keerthi\Anaconda3\Lib\site-packages\flask\app.py", line 1486, in full_dispatch_request
    rv = self.handle_user_exception(e)
         ^^^^^^^^^^^^^^^^^^^^^^^^^^^^^
  File "C:\Users\s keerthi\Anaconda3\Lib\site-packages\flask\app.py", line 1484, in full_dispatch_request
    rv = self.dispatch_request()
         ^^^^^^^^^^^^^^^^^^^^^^^
  File "C:\Users\s keerthi\Anaconda3\Lib\site-packages\flask\app.py", line 1469, in dispatch_request
    return self.ensure_sync(self.view_functions[rule.endpoint])(**view_args)
           ^^^^^^^^^^^^^^^^^^^^^^^^^^^^^^^^^^^^^^^^^^^^^^^^^^^^^^^^^^^^^^^^^
  File "C:\Users\s keerthi\Downloads\mlproject-main\mlproject-main\app.py", line 39, in predict_datapoint
    results=predict_pipeline.predict(pred_df)
            ^^^^^^^^^^^^^^^^^^^^^^^^^^^^^^^^^
  File "C:\Users\s keerthi\Downloads\mlproject-main\mlproject-main\src\pipeline\predict_pipeline.py", line 24, in predict
    raise CustomException(e,sys)
src.exception.CustomException: Error occured in python script name [C:\Users\s keerthi\Downloads\mlproject-main\mlproject-main\src\pipeline\predict_pipeline.py] line number [13] error message[name 'os' is not defined]
[ 2025-11-17 10:15:41,753 ] 97 werkzeug - INFO - 127.0.0.1 - - [17/Nov/2025 10:15:41] "[35m[1mPOST /predictdata HTTP/1.1[0m" 500 -
